<do>
	<wakeup>
		<day v="Saturday"/>
		<state v="sleepy" />
	</wakeup>
</do>